videotest: font gfxmenu video
odc: archelp
loopback: extcmd
gcry_des: crypto
macho:
memrw: extcmd
terminfo: extcmd
f2fs: fshelp
part_gpt:
romfs: fshelp
read: extcmd
lsefimmap:
gcry_arcfour: crypto
tftp: net
newc: archelp
minix2_be:
afsplitter: crypto
elf:
videotest_checksum: font functional_test video_fb
password_pbkdf2: crypto gcry_sha512 normal pbkdf2
gcry_seed: crypto
sfs: fshelp
reiserfs: fshelp
part_sunpc:
gfxmenu: bitmap bitmap_scale font gfxterm normal trig video video_colors
zstd:
jfs:
help: extcmd normal
gfxterm_menu: font functional_test normal procfs video_fb
gcry_idea: crypto
configfile: normal
tr: extcmd
shift_test: functional_test
boottime:
afs: fshelp
xzio: crypto
search_fs_file:
syslinuxcfg: extcmd normal
xen_boot: boot fdt linux
test_blockarg: extcmd normal
true:
affs: fshelp
iso9660: fshelp
smbios: extcmd
exfat: fshelp
setjmp_test: functional_test setjmp
fdt: extcmd
efinet: net
disk:
gfxterm: font video
xfs: fshelp
testspeed: extcmd normal
functional_test: btrfs extcmd video video_fb
cpio_be: archelp
bswap_test: functional_test
sleep: extcmd normal
memdisk:
gcry_rijndael: crypto
mdraid09_be: diskfilter
gettext:
gcry_sha1: crypto
hfspluscomp: gzio hfsplus
offsetio:
file: elf extcmd macho offsetio
cmp: extcmd
video_colors:
halt:
hashsum: crypto extcmd normal
gcry_dsa: mpi pgp
gfxterm_background: bitmap bitmap_scale extcmd gfxterm video video_colors
search_fs_uuid:
keystatus: extcmd
geli: crypto cryptodisk gcry_sha256 gcry_sha512 pbkdf2
cmdline_cat_test: font functional_test normal procfs video_fb
linux: boot fdt
part_sun:
pbkdf2_test: functional_test gcry_sha1 pbkdf2
bufio:
gcry_blowfish: crypto
bfs: fshelp
test:
nilfs2: fshelp
gcry_rsa: mpi pgp
cryptodisk: crypto extcmd key_protector procfs
minicmd:
signature_test: functional_test procfs
key_protector:
udf: fshelp
gzio: gcry_crc
xnu_uuid: gcry_md5
mul_test: functional_test
adler32: crypto
terminal:
div:
crypto:
part_bsd: part_msdos
luks2: afsplitter crypto cryptodisk json pbkdf2
gcry_sha512: crypto
password: crypto normal
fshelp:
sleep_test: datetime functional_test
mmap:
efitextmode:
bli: part_gpt
exfctest: functional_test
zfsinfo: zfs
ldm: diskfilter part_gpt part_msdos
eval: normal
part_dvh:
lssal:
blocklist:
ext2: fshelp
net: boot bufio datetime priority_queue
part_acorn:
videoinfo: video
cacheinfo:
btrfs: gzio lzopio raid6rec zstd
lsmmap: mmap
strtoull_test: functional_test
bitmap:
erofs: fshelp
ntfs: fshelp
tpm:
gcry_crc: crypto
png: bitmap bufio
json:
jpeg: bitmap bufio
macbless: disk
parttool: normal
regexp: extcmd normal
div_test: div functional_test
cpio: archelp
gcry_rmd160: crypto
fat: fshelp
ufs1_be:
archelp:
asn1_test: asn1 functional_test
http: net
raid6rec: diskfilter
zfs: gzio zstd
lsefisystab:
minix2:
lsacpi: acpi extcmd
bitmap_scale: bitmap
loadenv: disk extcmd
datehook: datetime
probe: extcmd
minix3:
tar: archelp
hfs: fshelp
boot:
procfs: archelp
tpm2_key_protector: asn1 extcmd key_protector tss2
progress: normal
kernel:
acpi: extcmd mmap
tga: bitmap bufio
reboot:
serial: extcmd terminfo
zfscrypt: crypto extcmd gcry_rijndael gcry_sha1 pbkdf2 zfs
asn1:
luks: afsplitter crypto cryptodisk pbkdf2
cmp_test: functional_test
dm_nv: diskfilter
font: bufio video
raid5rec: diskfilter
crc64: crypto
datetime:
video:
efifwsetup:
ctz_test: functional_test
hfsplus: fshelp
gcry_cast5: crypto
extcmd:
squash4: fshelp gzio lzopio xzio
part_plan:
minix_be:
gcry_whirlpool: crypto
gcry_tiger: crypto
search: extcmd search_fs_file search_fs_uuid search_label
video_fb:
minix3_be:
trig:
msdospart: disk parttool
gcry_twofish: crypto
priority_queue:
plainmount: crypto cryptodisk extcmd
part_dfly:
xnu_uuid_test: functional_test
diskfilter:
testload:
part_apple:
hexdump: extcmd
date: datetime
gcry_sha256: crypto
pbkdf2: crypto
ls: datetime extcmd normal
ntfscomp: ntfs
lzopio: crypto
tss2:
scsi:
hello: extcmd
normal: boot bufio crypto cryptodisk datetime extcmd gettext net terminal
pgp: crypto extcmd gcry_sha1 mpi
cat: extcmd
ufs1:
mdraid09: diskfilter
lvm: diskfilter
chain: boot efinet net
cbfs: archelp
ufs2:
time:
search_label:
gptsync: disk
gcry_rfc2268: crypto
setjmp:
mdraid1x: diskfilter
mpi: crypto
part_amiga:
efi_gop: video video_fb
minix:
echo: extcmd
lsefi:
gcry_serpent: crypto
gcry_md4: crypto
gcry_md5: crypto
gcry_camellia: crypto
part_msdos:
all_video: efi_gop
